[  INFO  ] 2025-02-18 13:18:27,483 | thinking_injection.context.simple @139 :: Lifecycle ordering:
[  INFO  ] 2025-02-18 13:18:27,483 | thinking_injection.context.simple @141 :: 0: <class 'kmeans.dataset.DatasetLoader'>
[  INFO  ] 2025-02-18 13:18:27,483 | thinking_injection.context.simple @141 :: 1: <class 'kmeans.distance.Distance'>
[  INFO  ] 2025-02-18 13:18:27,483 | thinking_injection.context.simple @141 :: 2: <class 'abc.InstanceIndexLoopback'>
[  INFO  ] 2025-02-18 13:18:27,483 | thinking_injection.context.simple @141 :: 3: <class 'thinking_injection.invoker.contextful.ContextfulInvoker'>
[  INFO  ] 2025-02-18 13:18:27,483 | thinking_injection.context.simple @141 :: 4: <class 'kmeans.data.TinyDbConfig'>
[  INFO  ] 2025-02-18 13:18:27,483 | thinking_injection.context.simple @141 :: 5: <class 'thinking_executor.data.tinydb.TinyDBLifecycle'>
[  INFO  ] 2025-02-18 13:18:27,483 | thinking_injection.context.simple @141 :: 6: <class 'thinking_executor.globals_manager.GlobalsManager'>
[  INFO  ] 2025-02-18 13:18:27,483 | thinking_injection.context.simple @141 :: 7: <class 'thinking_executor.session.PersistentSessionManager'>
[  INFO  ] 2025-02-18 13:18:27,483 | thinking_injection.context.simple @141 :: 8: <class 'thinking_executor.executor.SimpleTaskExecutor'>
[  INFO  ] 2025-02-18 13:18:27,483 | thinking_injection.context.simple @141 :: 9: <class 'kmeans.vectors.Vectors'>
[  INFO  ] 2025-02-18 13:18:27,483 | thinking_injection.context.simple @141 :: 10: <class 'kmeans.clusterizer.Clusterizer'>
[  INFO  ] 2025-02-18 13:18:27,484 | thinking_injection.lifecycle @30 :: Initializing <thinking_injection.invoker.contextful.ContextfulInvoker object at 0x749c72765730>
[  INFO  ] 2025-02-18 13:18:27,484 | thinking_injection.lifecycle @30 :: Initializing <thinking_executor.data.tinydb.TinyDBLifecycle object at 0x749c71b3e960>
[  INFO  ] 2025-02-18 13:18:27,485 | thinking_injection.lifecycle @30 :: Initializing GlobalsManager()
[  INFO  ] 2025-02-18 13:18:27,520 | thinking_injection.lifecycle @30 :: Initializing PersistentSessionManager()
[  INFO  ] 2025-02-18 13:18:27,576 | thinking_injection.lifecycle @30 :: Initializing SimpleTaskExecutor()
[  INFO  ] 2025-02-18 13:18:27,628 | thinking_injection.lifecycle @30 :: Initializing <kmeans.clusterizer.Clusterizer object at 0x749c71dfa330>
[  INFO  ] 2025-02-18 13:18:27,633 | thinking_executor.executor @183 :: Task STAGE:kmeans@0 hasn't been executed yet
[  INFO  ] 2025-02-18 13:18:27,638 | thinking_executor.executor @176 :: Task STEP:kmeans/intialize_centroids@0/0 has already been executed on 2025-02-18 13:18:20.989301 (finished on 2025-02-18 13:18:20.992866)
[  INFO  ] 2025-02-18 13:18:27,642 | thinking_executor.executor @183 :: Task STAGE:kmeans/iterations@0/1 hasn't been executed yet
[  INFO  ] 2025-02-18 13:18:27,647 | thinking_executor.executor @176 :: Task STAGE:kmeans/iterations/0@0/1/0 has already been executed on 2025-02-18 13:18:20.996884 (finished on 2025-02-18 13:18:22.205718)
[  INFO  ] 2025-02-18 13:18:27,653 | thinking_executor.executor @176 :: Task STAGE:kmeans/iterations/1@0/1/1 has already been executed on 2025-02-18 13:18:22.212826 (finished on 2025-02-18 13:18:23.415031)
[  INFO  ] 2025-02-18 13:18:27,660 | thinking_executor.executor @176 :: Task STAGE:kmeans/iterations/2@0/1/2 has already been executed on 2025-02-18 13:18:23.435371 (finished on 2025-02-18 13:18:24.664350)
[  INFO  ] 2025-02-18 13:18:27,665 | thinking_executor.executor @176 :: Task STAGE:kmeans/iterations/3@0/1/3 has already been executed on 2025-02-18 13:18:24.678812 (finished on 2025-02-18 13:18:25.929787)
[  INFO  ] 2025-02-18 13:18:27,671 | thinking_executor.executor @183 :: Task STAGE:kmeans/iterations/4@0/1/4 hasn't been executed yet
[  INFO  ] 2025-02-18 13:18:27,687 | thinking_executor.executor @183 :: Task STEP:kmeans/iterations/4/assign@0/1/4/0 hasn't been executed yet
[  INFO  ] 2025-02-18 13:18:28,872 | thinking_executor.executor @193 :: Task finished executing at 2025-02-18 13:18:28.872626
[  INFO  ] 2025-02-18 13:18:28,901 | thinking_executor.executor @183 :: Task STEP:kmeans/iterations/4/recalculate@0/1/4/1 hasn't been executed yet
[  INFO  ] 2025-02-18 13:18:28,957 | thinking_executor.executor @193 :: Task finished executing at 2025-02-18 13:18:28.957265
[  INFO  ] 2025-02-18 13:18:28,974 | thinking_executor.executor @193 :: Task finished executing at 2025-02-18 13:18:28.974000
[  INFO  ] 2025-02-18 13:18:28,995 | thinking_executor.executor @183 :: Task STAGE:kmeans/iterations/5@0/1/5 hasn't been executed yet
[  INFO  ] 2025-02-18 13:18:29,014 | thinking_executor.executor @183 :: Task STEP:kmeans/iterations/5/assign@0/1/5/0 hasn't been executed yet
[  INFO  ] 2025-02-18 13:18:30,226 | thinking_executor.executor @193 :: Task finished executing at 2025-02-18 13:18:30.226595
[  INFO  ] 2025-02-18 13:18:30,265 | thinking_executor.executor @183 :: Task STEP:kmeans/iterations/5/recalculate@0/1/5/1 hasn't been executed yet
[  INFO  ] 2025-02-18 13:18:30,322 | thinking_executor.executor @193 :: Task finished executing at 2025-02-18 13:18:30.322798
[  INFO  ] 2025-02-18 13:18:30,343 | thinking_executor.executor @193 :: Task finished executing at 2025-02-18 13:18:30.343763
[  INFO  ] 2025-02-18 13:18:30,371 | thinking_executor.executor @183 :: Task STAGE:kmeans/iterations/6@0/1/6 hasn't been executed yet
[  INFO  ] 2025-02-18 13:18:30,394 | thinking_executor.executor @183 :: Task STEP:kmeans/iterations/6/assign@0/1/6/0 hasn't been executed yet
[  INFO  ] 2025-02-18 13:18:31,582 | thinking_executor.executor @193 :: Task finished executing at 2025-02-18 13:18:31.582486
[  INFO  ] 2025-02-18 13:18:31,612 | thinking_executor.executor @183 :: Task STEP:kmeans/iterations/6/recalculate@0/1/6/1 hasn't been executed yet
[  INFO  ] 2025-02-18 13:18:31,676 | thinking_executor.executor @193 :: Task finished executing at 2025-02-18 13:18:31.676799
[  INFO  ] 2025-02-18 13:18:31,712 | thinking_executor.executor @193 :: Task finished executing at 2025-02-18 13:18:31.712072
[  INFO  ] 2025-02-18 13:18:31,750 | thinking_executor.executor @183 :: Task STAGE:kmeans/iterations/7@0/1/7 hasn't been executed yet
[  INFO  ] 2025-02-18 13:18:31,777 | thinking_executor.executor @183 :: Task STEP:kmeans/iterations/7/assign@0/1/7/0 hasn't been executed yet
[  INFO  ] 2025-02-18 13:18:32,998 | thinking_executor.executor @193 :: Task finished executing at 2025-02-18 13:18:32.998728
[  INFO  ] 2025-02-18 13:18:33,033 | thinking_executor.executor @183 :: Task STEP:kmeans/iterations/7/recalculate@0/1/7/1 hasn't been executed yet
[  INFO  ] 2025-02-18 13:18:33,098 | thinking_executor.executor @193 :: Task finished executing at 2025-02-18 13:18:33.098633
[  INFO  ] 2025-02-18 13:18:33,122 | thinking_executor.executor @193 :: Task finished executing at 2025-02-18 13:18:33.122926
[  INFO  ] 2025-02-18 13:18:33,157 | thinking_executor.executor @183 :: Task STAGE:kmeans/iterations/8@0/1/8 hasn't been executed yet
[  INFO  ] 2025-02-18 13:18:33,186 | thinking_executor.executor @183 :: Task STEP:kmeans/iterations/8/assign@0/1/8/0 hasn't been executed yet
[  INFO  ] 2025-02-18 13:18:34,402 | thinking_executor.executor @193 :: Task finished executing at 2025-02-18 13:18:34.402814
[  INFO  ] 2025-02-18 13:18:34,443 | thinking_executor.executor @183 :: Task STEP:kmeans/iterations/8/recalculate@0/1/8/1 hasn't been executed yet
[  INFO  ] 2025-02-18 13:18:34,514 | thinking_executor.executor @193 :: Task finished executing at 2025-02-18 13:18:34.514563
[  INFO  ] 2025-02-18 13:18:34,542 | thinking_executor.executor @193 :: Task finished executing at 2025-02-18 13:18:34.542966
[  INFO  ] 2025-02-18 13:18:34,580 | thinking_executor.executor @183 :: Task STAGE:kmeans/iterations/9@0/1/9 hasn't been executed yet
[  INFO  ] 2025-02-18 13:18:34,614 | thinking_executor.executor @183 :: Task STEP:kmeans/iterations/9/assign@0/1/9/0 hasn't been executed yet
[  INFO  ] 2025-02-18 13:18:35,812 | thinking_executor.executor @193 :: Task finished executing at 2025-02-18 13:18:35.812687
[  INFO  ] 2025-02-18 13:18:35,866 | thinking_executor.executor @183 :: Task STEP:kmeans/iterations/9/recalculate@0/1/9/1 hasn't been executed yet
[  INFO  ] 2025-02-18 13:18:35,935 | thinking_executor.executor @193 :: Task finished executing at 2025-02-18 13:18:35.935636
[  INFO  ] 2025-02-18 13:18:35,964 | thinking_executor.executor @193 :: Task finished executing at 2025-02-18 13:18:35.964472
[  INFO  ] 2025-02-18 13:18:36,004 | thinking_executor.executor @193 :: Task finished executing at 2025-02-18 13:18:36.004833
[  INFO  ] 2025-02-18 13:18:36,032 | thinking_executor.executor @193 :: Task finished executing at 2025-02-18 13:18:36.032511
[  INFO  ] 2025-02-18 13:18:36,084 | thinking_injection.lifecycle @38 :: Deinitializing <kmeans.clusterizer.Clusterizer object at 0x749c71dfa330>
[  INFO  ] 2025-02-18 13:18:36,084 | thinking_injection.lifecycle @38 :: Deinitializing SimpleTaskExecutor()
[  INFO  ] 2025-02-18 13:18:36,085 | thinking_injection.lifecycle @38 :: Deinitializing PersistentSessionManager()
[  INFO  ] 2025-02-18 13:18:36,115 | thinking_injection.lifecycle @38 :: Deinitializing GlobalsManager()
[  INFO  ] 2025-02-18 13:18:36,115 | thinking_injection.lifecycle @38 :: Deinitializing <thinking_executor.data.tinydb.TinyDBLifecycle object at 0x749c71b3e960>
[  INFO  ] 2025-02-18 13:18:36,115 | thinking_injection.lifecycle @38 :: Deinitializing <thinking_injection.invoker.contextful.ContextfulInvoker object at 0x749c72765730>
